=== W-02 reproduccion del fallo (apps/web aislado, SIN @types/node declarado) ===
Comando: npm run typecheck (en copia aislada de apps/web sin @types/node en package.json)

> @atiende/web@0.1.0 typecheck
> tsc -b --noEmit

vite.config.ts(3,18): error TS2307: Cannot find module 'path' or its corresponding type declarations.
vite.config.ts(15,37): error TS2339: Property 'dirname' does not exist on type 'ImportMeta'.
EXIT CODE: 2
Comando: npm run build

> @atiende/web@0.1.0 build
> tsc -b && vite build

vite.config.ts(3,18): error TS2307: Cannot find module 'path' or its corresponding type declarations.
vite.config.ts(15,37): error TS2339: Property 'dirname' does not exist on type 'ImportMeta'.
EXIT CODE: 2

=== Tras declarar @types/node explícitamente en apps/web/package.json (^22.10.2, misma versión que el resto del monorepo) ===
Comando: npm run typecheck

> @atiende/web@0.1.0 typecheck
> tsc -b --noEmit

EXIT CODE: 0
Comando: npm run build

> @atiende/web@0.1.0 build
> tsc -b && vite build

[36mvite v6.4.3 [32mbuilding for production...[36m[39m
transforming...
[32m✓[39m 1775 modules transformed.
rendering chunks...
computing gzip size...
[2mdist/[22m[32mindex.html                                     [39m[1m[2m  1.07 kB[22m[1m[22m[2m │ gzip:  0.53 kB[22m
[2mdist/[22m[2massets/[22m[35mindex-cKUGOZv8.css                      [39m[1m[2m 28.87 kB[22m[1m[22m[2m │ gzip:  6.16 kB[22m
[2mdist/[22m[2massets/[22m[36mcreateModulePage-XcExIua4.js            [39m[1m[2m  0.35 kB[22m[1m[22m[2m │ gzip:  0.24 kB[22m
[2mdist/[22m[2massets/[22m[36mAgentesHerramientasPage-CA01NLDJ.js     [39m[1m[2m  0.46 kB[22m[1m[22m[2m │ gzip:  0.31 kB[22m
[2mdist/[22m[2massets/[22m[36mOrganizacionesPage-B8mZxSIC.js          [39m[1m[2m  0.46 kB[22m[1m[22m[2m │ gzip:  0.31 kB[22m
[2mdist/[22m[2massets/[22m[36mRevisionPage-j0Uc-Jno.js                [39m[1m[2m  0.46 kB[22m[1m[22m[2m │ gzip:  0.32 kB[22m
[2mdist/[22m[2massets/[22m[36mRedaccionPage-Cfr3NvE5.js               [39m[1m[2m  0.46 kB[22m[1m[22m[2m │ gzip:  0.32 kB[22m
[2mdist/[22m[2massets/[22m[36mUsuariosRolesPage-hbgG6T5K.js           [39m[1m[2m  0.46 kB[22m[1m[22m[2m │ gzip:  0.32 kB[22m
[2mdist/[22m[2massets/[22m[36mGoNoGoPage-CCQ9Tp35.js                  [39m[1m[2m  0.47 kB[22m[1m[22m[2m │ gzip:  0.32 kB[22m
[2mdist/[22m[2massets/[22m[36mEntregasPage-Cb8VeFyP.js                [39m[1m[2m  0.47 kB[22m[1m[22m[2m │ gzip:  0.32 kB[22m
[2mdist/[22m[2massets/[22m[36mPanelPage-BPH7IG3p.js                   [39m[1m[2m  0.47 kB[22m[1m[22m[2m │ gzip:  0.33 kB[22m
[2mdist/[22m[2massets/[22m[36mAnalisisBasesPage-C-NwMdWQ.js           [39m[1m[2m  0.48 kB[22m[1m[22m[2m │ gzip:  0.33 kB[22m
[2mdist/[22m[2massets/[22m[36mConfiguracionPage-BXUuIAO-.js           [39m[1m[2m  0.49 kB[22m[1m[22m[2m │ gzip:  0.32 kB[22m
[2mdist/[22m[2massets/[22m[36mAuditoriaPage-ldpd6xr7.js               [39m[1m[2m  0.49 kB[22m[1m[22m[2m │ gzip:  0.34 kB[22m
[2mdist/[22m[2massets/[22m[36mDescubrimientoPage-CsQigh3C.js          [39m[1m[2m  0.50 kB[22m[1m[22m[2m │ gzip:  0.33 kB[22m
[2mdist/[22m[2massets/[22m[36mMatchingPage-Cqv9BM82.js                [39m[1m[2m  0.50 kB[22m[1m[22m[2m │ gzip:  0.35 kB[22m
[2mdist/[22m[2massets/[22m[36mDocumentosVigenciasPage-mqY4kwFX.js     [39m[1m[2m  0.50 kB[22m[1m[22m[2m │ gzip:  0.32 kB[22m
[2mdist/[22m[2massets/[22m[36mFirmantesAutorizadosPage-BFQ7rvO1.js    [39m[1m[2m  0.51 kB[22m[1m[22m[2m │ gzip:  0.33 kB[22m
[2mdist/[22m[2massets/[22m[36mCumplimientoDocumentalPage-B7hLTdCw.js  [39m[1m[2m  0.51 kB[22m[1m[22m[2m │ gzip:  0.34 kB[22m
[2mdist/[22m[2massets/[22m[36mSeguimientoPage-BvR9dzus.js             [39m[1m[2m  0.51 kB[22m[1m[22m[2m │ gzip:  0.34 kB[22m
[2mdist/[22m[2massets/[22m[36mAprobacionesPage-Dvp17ADc.js            [39m[1m[2m  0.51 kB[22m[1m[22m[2m │ gzip:  0.34 kB[22m
[2mdist/[22m[2massets/[22m[36mTarifasAprobadasPage-CcYmD-QL.js        [39m[1m[2m  0.51 kB[22m[1m[22m[2m │ gzip:  0.33 kB[22m
[2mdist/[22m[2massets/[22m[36mExpedientePage-q7BH8NPA.js              [39m[1m[2m  0.52 kB[22m[1m[22m[2m │ gzip:  0.35 kB[22m
[2mdist/[22m[2massets/[22m[36mPerfilCapacidadesPage-B8H4B7j5.js       [39m[1m[2m  0.54 kB[22m[1m[22m[2m │ gzip:  0.36 kB[22m
[2mdist/[22m[2massets/[22m[36mcard-CcnTx2HJ.js                        [39m[1m[2m  1.06 kB[22m[1m[22m[2m │ gzip:  0.41 kB[22m
[2mdist/[22m[2massets/[22m[36mNotFoundPage-DCdjpJ9W.js                [39m[1m[2m  1.23 kB[22m[1m[22m[2m │ gzip:  0.70 kB[22m
[2mdist/[22m[2massets/[22m[36mFuentesFrescuraPage-BHJ_Bfa3.js         [39m[1m[2m  1.50 kB[22m[1m[22m[2m │ gzip:  0.77 kB[22m
[2mdist/[22m[2massets/[22m[36mempty-state-DozKjhax.js                 [39m[1m[2m  1.78 kB[22m[1m[22m[2m │ gzip:  0.81 kB[22m
[2mdist/[22m[2massets/[22m[36mPaqueteDescargablePage-1GSVZ9n_.js      [39m[1m[2m  2.12 kB[22m[1m[22m[2m │ gzip:  1.17 kB[22m
[2mdist/[22m[2massets/[22m[36mquery-Cr5JZM0v.js                       [39m[1m[2m 46.31 kB[22m[1m[22m[2m │ gzip: 14.39 kB[22m
[2mdist/[22m[2massets/[22m[36mLoginPage-CagtehrZ.js                   [39m[1m[2m 99.89 kB[22m[1m[22m[2m │ gzip: 28.20 kB[22m
[2mdist/[22m[2massets/[22m[36mindex-BmMIcpFh.js                       [39m[1m[2m132.74 kB[22m[1m[22m[2m │ gzip: 41.76 kB[22m
[2mdist/[22m[2massets/[22m[36mapp-platform-ba7btYbn.js                [39m[1m[2m239.43 kB[22m[1m[22m[2m │ gzip: 78.71 kB[22m
[32m✓ built in 1.34s[39m
EXIT CODE: 0
